node.exe : FAIL tests/integration/conflict.test.ts
At line:1 char:1
+ & "C:\Program Files\nodejs/node.exe" "C:\Users\NITISH\AppData\Roaming ...
+ ~~~~~~~~~~~~~~~~~~~~~~~~~~~~~~~~~~~~~~~~~~~~~~~~~~~~~~~~~~~~~~~~~~~~~
    + CategoryInfo          : NotSpecified: (FAIL tests/integration/conflict.test.ts:String) [], RemoteException
    + FullyQualifiedErrorId : NativeCommandError
 
  TaskService Conflict Resolution (OCC)
    ├ù successfully updates a task when version matches (6 ms)
    ΓêÜ returns a conflict when version mismatches during update (2 ms)
    ├ù successfully moves a task when version matches (1 ms)
    ΓêÜ returns a conflict when version mismatches during move (1 ms)
    ΓêÜ detects conflict during deletion (1 ms)

  ΓùÅ TaskService Conflict Resolution (OCC) ΓÇ║ successfully updates a task when version matches

    expect(received).toBe(expected) // Object.is equality

    Expected: false
    Received: true

    [0m [90m 33 |[39m         [36mconst[39m result [33m=[39m [36mawait[39m service[33m.[39mupdateTask({ id[33m:[39m [32m'1'[39m[33m,[39m 
version[33m:[39m [35m1[39m[33m,[39m title[33m:[39m [32m'New Title'[39m[33m,[39m userId[33m:[39m [32m'u1'[39m[33m,[39m username[33m:[39m 
[32m'test'[39m })[33m;[39m
     [90m 34 |[39m
    [31m[1m>[22m[39m[90m 35 |[39m         expect(result[33m.[39mconflict)[33m.[39mtoBe([36mfalse[39m)[33m;[39m
     [90m    |[39m                                 [31m[1m^[22m[39m
     [90m 36 |[39m         expect(result[33m.[39mtask[33m?[39m[33m.[39mtitle)[33m.[39mtoBe([32m'New Title'[39m)[33m;[39m
     [90m 37 |[39m         expect(prisma[33m.[39mtask[33m.[39mupdateMany)[33m.[39mtoHaveBeenCalledWith(expect[33m.[39mobjectContaining({
     [90m 38 |[39m             where[33m:[39m { id[33m:[39m [32m'1'[39m[33m,[39m version[33m:[39m [35m1[39m }[0m

      at Object.<anonymous> (tests/integration/conflict.test.ts:35:33)

  ΓùÅ TaskService Conflict Resolution (OCC) ΓÇ║ successfully moves a task when version matches

    expect(received).toBe(expected) // Object.is equality

    Expected: false
    Received: true

    [0m [90m 55 |[39m         [36mconst[39m result [33m=[39m [36mawait[39m service[33m.[39mmoveTask({ id[33m:[39m [32m'1'[39m[33m,[39m version[33m:[39m 
[35m1[39m[33m,[39m status[33m:[39m [32m'DONE'[39m[33m,[39m orderKey[33m:[39m [32m'Z'[39m[33m,[39m userId[33m:[39m [32m'u1'[39m[33m,[39m 
username[33m:[39m [32m'test'[39m })[33m;[39m
     [90m 56 |[39m
    [31m[1m>[22m[39m[90m 57 |[39m         expect(result[33m.[39mconflict)[33m.[39mtoBe([36mfalse[39m)[33m;[39m
     [90m    |[39m                                 [31m[1m^[22m[39m
     [90m 58 |[39m         expect(result[33m.[39mtask[33m?[39m[33m.[39mstatus)[33m.[39mtoBe([32m'DONE'[39m)[33m;[39m
     [90m 59 |[39m     })[33m;[39m
     [90m 60 |[39m[0m

      at Object.<anonymous> (tests/integration/conflict.test.ts:57:33)

Test Suites: 1 failed, 1 total
Tests:       2 failed, 3 passed, 5 total
Snapshots:   0 total
Time:        1.714 s, estimated 2 s
Ran all test suites matching tests/integration/conflict.test.ts.
